// Vitest Snapshot v1, https://vitest.dev/guide/snapshot.html

exports[`day 02 - 1 > example 1`] = `
[
  [
    7,
    6,
    4,
    2,
    1,
  ],
  [
    1,
    2,
    7,
    8,
    9,
  ],
  [
    9,
    7,
    6,
    2,
    1,
  ],
  [
    1,
    3,
    2,
    4,
    5,
  ],
  [
    8,
    6,
    4,
    4,
    1,
  ],
  [
    1,
    3,
    6,
    7,
    9,
  ],
]
`;

exports[`day 02 - 1 > example 2`] = `
[
  true,
  false,
  false,
  false,
  false,
  true,
]
`;

exports[`day 02 - 2 > ad hoc - single row 1`] = `
[
  -2,
  -2,
  0,
  -3,
]
`;

exports[`day 02 - 2 > ad hoc 1`] = `
[
  true,
  false,
  false,
  true,
  true,
  true,
]
`;
