// Vitest Snapshot v1, https://vitest.dev/guide/snapshot.html

exports[`day 01-2 > tally 1`] = `
[
  2,
  2,
  2,
  3,
  3,
  4,
  4,
  4,
  5,
]
`;

exports[`day 01-2 > tally 2`] = `
Map {
  2 => 3,
  3 => 2,
  4 => 3,
  5 => 1,
}
`;
